
  [PASS] found C:\Users\atooz\Programming\fractalengine-workspace\gis-tile-etl\dist\switzerland-zurich-alps.hexon
  [PASS] found C:\Users\atooz\Programming\fractalengine-workspace\gis-tile-etl\dist\japan-mount-fuji.hexon
=== install_sample_hexons run: 1st (fresh install) ===
store: C:\Users\atooz\AppData\Local\Temp\fe-hexon-install-verify-20261009-111159\hexons
installed tileset-switzerland-zurich-alps (Switzerland G현 Zurich Alps)
installed tileset-japan-mount-fuji (Japan G현 Mount Fuji)
2 tileset(s) now installed
  [PASS] 1st run: installed switzerland tileset
  [PASS] 1st run: installed japan tileset
  [PASS] 1st run: registry reports 2 tilesets
=== install_sample_hexons run: 2nd (refresh, proves idempotency) ===
store: C:\Users\atooz\AppData\Local\Temp\fe-hexon-install-verify-20261009-111159\hexons
refreshed tileset-switzerland-zurich-alps (Switzerland G현 Zurich Alps)
refreshed tileset-japan-mount-fuji (Japan G현 Mount Fuji)
2 tileset(s) now installed
  [PASS] 2nd run: refreshed (not re-installed/errored) switzerland tileset
  [PASS] 2nd run: refreshed (not re-installed/errored) japan tileset
  [PASS] 2nd run: registry still reports exactly 2 tilesets (no duplicates)
  [PASS] registry.json written to FE_HEXON_DIR
  [PASS] registry.json lists exactly 2 tilesets
=== cargo test -p fe-terrain --test gis_hexon_install_test -- --ignored ===
    Finished `test` profile [unoptimized] target(s) in 0.94s
     Running tests\gis_hexon_install_test.rs (target\debug\deps\gis_hexon_install_test-789ff74900d6377e.exe)

running 1 test
tileset-switzerland-zurich-alps: gsd=103.57 m/px (expected ~103.57), native_scale=0.009655 (expected ~0.009655)
tileset-japan-mount-fuji: gsd=124.65 m/px (expected ~124.65), native_scale=0.008022 (expected ~0.008022)
test install_f15_hexons_backfills_correct_scale_and_meta ... ok

test result: ok. 1 passed; 0 failed; 0 ignored; 0 measured; 0 filtered out; finished in 0.05s

  [PASS] gis_hexon_install_test exited 0
  [PASS] test actually RAN (via --ignored) and passed, not silently skipped
  [PASS] exactly one test ran (no 0-passed/all-ignored silent skip)
  [PASS] switzerland: backfilled GSD line printed
  [PASS] japan: backfilled GSD line printed

=== SUMMARY ===
Checks: 15 / 15 passed
PASS: hexon install verify (F16/A29 V1) - all checks passed
